workspace$ git status
interactive rebase in progress; onto 47da427
Last commands done (3 commands done):
   pick 74cd846 # Fix database connection errors preventing application startup and schema updates
   pick 9db4fea # Update tool that visualizes code complexity for better insights
  (see more in file .git/rebase-merge/done)
Next commands to do (5 remaining commands):
   pick c656bf0 # Saved progress at the end of the loop
   pick be9a692 # Add documentation for available demo accounts and usage instructions
  (use "git rebase --edit-todo" to view and edit)
You are currently editing a commit while rebasing branch 'main' on '47da427'.
  (use "git commit --amend" to amend the current commit)
  (use "git rebase --continue" once you are satisfied with your changes)

nothing to commit, working tree clean
~/workspace$ git commit -m "Add CI/CD workflow and demo accounts documentation"
interactive rebase in progress; onto 47da427
Last commands done (3 commands done):
   pick 74cd846 # Fix database connection errors preventing application startup and schema updates
   pick 9db4fea # Update tool that visualizes code complexity for better insights
  (see more in file .git/rebase-merge/done)
Next commands to do (5 remaining commands):
   pick c656bf0 # Saved progress at the end of the loop
   pick be9a692 # Add documentation for available demo accounts and usage instructions
  (use "git rebase --edit-todo" to view and edit)
You are currently editing a commit while rebasing branch 'main' on '47da427'.
  (use "git commit --amend" to amend the current commit)
  (use "git rebase --continue" once you are satisfied with your changes)

nothing to commit, working tree clean
The previous cherry-pick is now empty, possibly due to conflict resolution.
If you wish to commit it anyway, use:

    git commit --allow-empty

Otherwise, please use 'git rebase --skip'
~/workspace$ git rebase --skip
fatal: no rebase in progress
~/workspace$ git push origin main --force

Everything up-to-date
~/workspace$ git status
On branch main
You are currently cherry-picking commit 9db4fea.
  (all conflicts fixed: run "git cherry-pick --continue")
  (use "git cherry-pick --skip" to skip this patch)
  (use "git cherry-pick --abort" to cancel the cherry-pick operation)

nothing to commit, working tree clean